// Jest Snapshot v1, https://goo.gl/fbAQLP

exports[`ExportSection component should render an ExportSection component with languages options 1`] = `
<div
  className="admin-box admin-export-section"
>
  <div>
    <h3
      className="dark-title-3"
    >
      Export data
    </h3>
    <div
      className="box-hyphen"
    />
    <div
      className="annotation"
    >
      You can export all of the data by clicking on the export button
    </div>
  </div>
  <div
    className="admin-content"
  >
    <div
      className="form-group"
    >
      <div
        className="dark-title3"
      >
        <span>
          Translation of the data
        </span>
      </div>
      <div
        className="radio"
      >
        <label
          title=""
        >
          <input
            checked={true}
            disabled={false}
            onChange={[Function]}
            type="radio"
          />
          <span>
            Keep the messages in their original languages
          </span>
        </label>
      </div>
      <div
        className="radio"
      >
        <label
          title=""
        >
          <input
            checked={false}
            disabled={false}
            onChange={[Function]}
            type="radio"
          />
          <span>
            Translate the messages in:
          </span>
        </label>
      </div>
    </div>
    <br />
    <div>
      <div
        className="DateRangePicker DateRangePicker_1"
      >
        <div>
          <div
            className="DateRangePickerInput DateRangePickerInput_1 DateRangePickerInput__withBorder DateRangePickerInput__withBorder_2"
          >
            <div
              className="DateInput DateInput_1"
            >
              <input
                aria-describedby="DateInput__screen-reader-message-foo"
                aria-label="Start Date"
                autoComplete="off"
                className="DateInput_input DateInput_input_1"
                disabled={false}
                id="foo"
                name="foo"
                onChange={[Function]}
                onFocus={[Function]}
                onKeyDown={[Function]}
                placeholder="Start Date"
                readOnly={false}
                required={false}
                type="text"
                value=""
              />
              <p
                className="DateInput_screenReaderMessage DateInput_screenReaderMessage_1"
                id="DateInput__screen-reader-message-foo"
              >
                Press the down arrow key to interact with the calendar and
  select a date. Press the question mark key to get the keyboard shortcuts for changing dates.
              </p>
            </div>
            <div
              aria-hidden="true"
              className="DateRangePickerInput_arrow DateRangePickerInput_arrow_1"
              role="presentation"
            >
              <svg
                className="DateRangePickerInput_arrow_svg DateRangePickerInput_arrow_svg_1"
                focusable="false"
                viewBox="0 0 1000 1000"
              >
                <path
                  d="M694.4 242.4l249.1 249.1c11 11 11 21 0 32L694.4 772.7c-5 5-10 7-16 7s-11-2-16-7c-11-11-11-21 0-32l210.1-210.1H67.1c-13 0-23-10-23-23s10-23 23-23h805.4L662.4 274.5c-21-21.1 11-53.1 32-32.1z"
                />
              </svg>
            </div>
            <div
              className="DateInput DateInput_1"
            >
              <input
                aria-describedby="DateInput__screen-reader-message-bar"
                aria-label="End Date"
                autoComplete="off"
                className="DateInput_input DateInput_input_1"
                disabled={false}
                id="bar"
                name="bar"
                onChange={[Function]}
                onFocus={[Function]}
                onKeyDown={[Function]}
                placeholder="End Date"
                readOnly={false}
                required={false}
                type="text"
                value=""
              />
              <p
                className="DateInput_screenReaderMessage DateInput_screenReaderMessage_1"
                id="DateInput__screen-reader-message-bar"
              >
                Press the down arrow key to interact with the calendar and
  select a date. Press the question mark key to get the keyboard shortcuts for changing dates.
              </p>
            </div>
          </div>
        </div>
      </div>
    </div>
    <div
      className="center-flex"
    >
      <a
        className="button-link button-dark margin-l"
        href="foo.com"
        onClick={[Function]}
        style={Object {}}
      >
        <span>
          Export
        </span>
      </a>
    </div>
  </div>
</div>
`;

exports[`ExportSection component should render an ExportSection component without languages options 1`] = `
<div
  className="admin-box admin-export-section"
>
  <div>
    <h3
      className="dark-title-3"
    >
      Export data
    </h3>
    <div
      className="box-hyphen"
    />
    <div
      className="annotation"
    >
      You can export all of the data by clicking on the export button
    </div>
  </div>
  <div
    className="admin-content"
  >
    <div
      className="form-group"
    />
    <br />
    <div>
      <div
        className="DateRangePicker DateRangePicker_1"
      >
        <div>
          <div
            className="DateRangePickerInput DateRangePickerInput_1 DateRangePickerInput__withBorder DateRangePickerInput__withBorder_2"
          >
            <div
              className="DateInput DateInput_1"
            >
              <input
                aria-describedby="DateInput__screen-reader-message-foo"
                aria-label="Start Date"
                autoComplete="off"
                className="DateInput_input DateInput_input_1"
                disabled={false}
                id="foo"
                name="foo"
                onChange={[Function]}
                onFocus={[Function]}
                onKeyDown={[Function]}
                placeholder="Start Date"
                readOnly={false}
                required={false}
                type="text"
                value=""
              />
              <p
                className="DateInput_screenReaderMessage DateInput_screenReaderMessage_1"
                id="DateInput__screen-reader-message-foo"
              >
                Press the down arrow key to interact with the calendar and
  select a date. Press the question mark key to get the keyboard shortcuts for changing dates.
              </p>
            </div>
            <div
              aria-hidden="true"
              className="DateRangePickerInput_arrow DateRangePickerInput_arrow_1"
              role="presentation"
            >
              <svg
                className="DateRangePickerInput_arrow_svg DateRangePickerInput_arrow_svg_1"
                focusable="false"
                viewBox="0 0 1000 1000"
              >
                <path
                  d="M694.4 242.4l249.1 249.1c11 11 11 21 0 32L694.4 772.7c-5 5-10 7-16 7s-11-2-16-7c-11-11-11-21 0-32l210.1-210.1H67.1c-13 0-23-10-23-23s10-23 23-23h805.4L662.4 274.5c-21-21.1 11-53.1 32-32.1z"
                />
              </svg>
            </div>
            <div
              className="DateInput DateInput_1"
            >
              <input
                aria-describedby="DateInput__screen-reader-message-bar"
                aria-label="End Date"
                autoComplete="off"
                className="DateInput_input DateInput_input_1"
                disabled={false}
                id="bar"
                name="bar"
                onChange={[Function]}
                onFocus={[Function]}
                onKeyDown={[Function]}
                placeholder="End Date"
                readOnly={false}
                required={false}
                type="text"
                value=""
              />
              <p
                className="DateInput_screenReaderMessage DateInput_screenReaderMessage_1"
                id="DateInput__screen-reader-message-bar"
              >
                Press the down arrow key to interact with the calendar and
  select a date. Press the question mark key to get the keyboard shortcuts for changing dates.
              </p>
            </div>
          </div>
        </div>
      </div>
    </div>
    <div
      className="center-flex"
    >
      <a
        className="button-link button-dark margin-l"
        href="foo.com"
        onClick={[Function]}
        style={Object {}}
      >
        <span>
          Export
        </span>
      </a>
    </div>
  </div>
</div>
`;

exports[`ExportSection component should render an export section that handles different export links 1`] = `
<div
  className="admin-box admin-export-section"
>
  <div>
    <h3
      className="dark-title-3"
    >
      Export data
    </h3>
    <div
      className="box-hyphen"
    />
    <div
      className="annotation"
    >
      You can export all of the data by clicking on the export button
    </div>
  </div>
  <div
    className="admin-content"
  >
    <div
      className="form-group"
    >
      <div
        className="radio"
      >
        <label
          title=""
        >
          <input
            checked={true}
            disabled={false}
            name="exportLink"
            onChange={[Function]}
            type="radio"
            value="foo.com"
          />
          <span>
            Export general data for the vote module
          </span>
        </label>
      </div>
      <div
        className="radio"
      >
        <label
          title=""
        >
          <input
            checked={false}
            disabled={false}
            name="exportLink"
            onChange={[Function]}
            type="radio"
            value="bar.org"
          />
          <span>
            Export vote details for each user
          </span>
        </label>
      </div>
    </div>
    <br />
    <div>
      <div
        className="DateRangePicker DateRangePicker_1"
      >
        <div>
          <div
            className="DateRangePickerInput DateRangePickerInput_1 DateRangePickerInput__withBorder DateRangePickerInput__withBorder_2"
          >
            <div
              className="DateInput DateInput_1"
            >
              <input
                aria-describedby="DateInput__screen-reader-message-foo"
                aria-label="Start Date"
                autoComplete="off"
                className="DateInput_input DateInput_input_1"
                disabled={false}
                id="foo"
                name="foo"
                onChange={[Function]}
                onFocus={[Function]}
                onKeyDown={[Function]}
                placeholder="Start Date"
                readOnly={false}
                required={false}
                type="text"
                value=""
              />
              <p
                className="DateInput_screenReaderMessage DateInput_screenReaderMessage_1"
                id="DateInput__screen-reader-message-foo"
              >
                Press the down arrow key to interact with the calendar and
  select a date. Press the question mark key to get the keyboard shortcuts for changing dates.
              </p>
            </div>
            <div
              aria-hidden="true"
              className="DateRangePickerInput_arrow DateRangePickerInput_arrow_1"
              role="presentation"
            >
              <svg
                className="DateRangePickerInput_arrow_svg DateRangePickerInput_arrow_svg_1"
                focusable="false"
                viewBox="0 0 1000 1000"
              >
                <path
                  d="M694.4 242.4l249.1 249.1c11 11 11 21 0 32L694.4 772.7c-5 5-10 7-16 7s-11-2-16-7c-11-11-11-21 0-32l210.1-210.1H67.1c-13 0-23-10-23-23s10-23 23-23h805.4L662.4 274.5c-21-21.1 11-53.1 32-32.1z"
                />
              </svg>
            </div>
            <div
              className="DateInput DateInput_1"
            >
              <input
                aria-describedby="DateInput__screen-reader-message-bar"
                aria-label="End Date"
                autoComplete="off"
                className="DateInput_input DateInput_input_1"
                disabled={false}
                id="bar"
                name="bar"
                onChange={[Function]}
                onFocus={[Function]}
                onKeyDown={[Function]}
                placeholder="End Date"
                readOnly={false}
                required={false}
                type="text"
                value=""
              />
              <p
                className="DateInput_screenReaderMessage DateInput_screenReaderMessage_1"
                id="DateInput__screen-reader-message-bar"
              >
                Press the down arrow key to interact with the calendar and
  select a date. Press the question mark key to get the keyboard shortcuts for changing dates.
              </p>
            </div>
          </div>
        </div>
      </div>
    </div>
    <div
      className="center-flex"
    >
      <a
        className="button-link button-dark margin-l"
        href="foo.com"
        onClick={[Function]}
        style={Object {}}
      >
        <span>
          Export
        </span>
      </a>
    </div>
  </div>
</div>
`;
